2018-11-24 18:37:27.630 [main] INFO  com.sgic.automation.demo.util.Log >> ****************************************
2018-11-24 18:37:27.641 [main] INFO  com.sgic.automation.demo.util.Log >> ******************start*****************
2018-11-24 18:37:27.641 [main] INFO  com.sgic.automation.demo.util.Log >> ****************************************
